08:45:30 **** Incremental Build of configuration Debug for project 01_led_blink ****
make -j12 all 
arm-none-eabi-gcc "../Src/main.c" -mcpu=cortex-m4 -std=gnu11 -g3 -DDEBUG -DSTM32 -DSTM32F4 -DSTM32F446RETx -DNUCLEO_F446RE -DSTM32F446xx -c -I../Inc -I"D:/reddy/stm32_baremetal/mcu1_projects/stm32 uart command system/chip_headers/CMSIS/Device/ST/STM32F4xx/Include" -I"D:/reddy/stm32_baremetal/mcu1_projects/stm32 uart command system/chip_headers/CMSIS/Include" -O0 -ffunction-sections -fdata-sections -Wall -fstack-usage -fcyclomatic-complexity -MMD -MP -MF"Src/main.d" -MT"Src/main.o" --specs=nano.specs -mfpu=fpv4-sp-d16 -mfloat-abi=hard -mthumb -o "Src/main.o"
arm-none-eabi-gcc -o "01_led_blink.elf" @"objects.list"   -mcpu=cortex-m4 -T"D:\reddy\stm32_baremetal\mcu1_projects\stm32 uart command system\01_led_blink\STM32F446RETX_FLASH.ld" --specs=nosys.specs -Wl,-Map="01_led_blink.map" -Wl,--gc-sections -static --specs=nano.specs -mfpu=fpv4-sp-d16 -mfloat-abi=hard -mthumb -Wl,--start-group -lc -lm -Wl,--end-group
Finished building target: 01_led_blink.elf
 
arm-none-eabi-size  01_led_blink.elf 
arm-none-eabi-objdump -h -S 01_led_blink.elf  > "01_led_blink.list"
   text	   data	    bss	    dec	    hex	filename
    792	      0	   1568	   2360	    938	01_led_blink.elf
Finished building: default.size.stdout
 
Finished building: 01_led_blink.list
 
